[-1791231917322131456.000s] DEBUG:colcon:Command line arguments: ['/usr/bin/colcon', 'list']
[-1791231917322131456.000s] DEBUG:colcon:Parsed command line arguments: Namespace(log_base=None, log_level=None, verb_name='list', build_base='build', ignore_user_meta=False, metas=['./colcon.meta'], base_paths=['.'], packages_ignore=None, packages_ignore_regex=None, paths=None, packages_up_to=None, packages_up_to_regex=None, packages_above=None, packages_above_and_dependencies=None, packages_above_depth=None, packages_select_by_dep=None, packages_skip_by_dep=None, packages_skip_up_to=None, packages_select_build_failed=False, packages_skip_build_finished=False, packages_select_test_failures=False, packages_skip_test_passed=False, packages_select=None, packages_skip=None, packages_select_regex=None, packages_skip_regex=None, packages_start=None, packages_end=None, allow_overriding=[], topological_order=False, names_only=False, paths_only=False, topological_graph=False, topological_graph_dot=False, topological_graph_density=False, topological_graph_legend=False, topological_graph_dot_cluster=False, topological_graph_dot_include_skipped=False, mixin_files=None, mixin=None, verb_parser=<colcon_mixin.mixin.mixin_argument.MixinArgumentDecorator object at 0x7575f5b7b790>, verb_extension=<colcon_package_information.verb.list.ListVerb object at 0x7575f5bb7380>, main=<bound method ListVerb.main of <colcon_package_information.verb.list.ListVerb object at 0x7575f5bb7380>>, mixin_verb=('list',))
[-1791231917322131456.000s] Level 1:colcon.colcon_core.package_discovery:discover_packages(colcon_meta) check parameters
[-1791231917322131456.000s] Level 1:colcon.colcon_core.package_discovery:discover_packages(recursive) check parameters
[-1791231917322131456.000s] Level 1:colcon.colcon_core.package_discovery:discover_packages(ignore) check parameters
[-1791231917322131456.000s] Level 1:colcon.colcon_core.package_discovery:discover_packages(path) check parameters
[-1791231917322131456.000s] Level 1:colcon.colcon_core.package_discovery:discover_packages(colcon_meta) discover
[-1791231917322131456.000s] Level 1:colcon.colcon_core.package_discovery:discover_packages(recursive) discover
[-1791231917322131456.000s] INFO:colcon.colcon_core.package_discovery:Crawling recursively for packages in '/home/jamie/mower-sim'
[-1791231917322131456.000s] Level 1:colcon.colcon_core.package_identification:_identify(.) by extensions ['ignore', 'ignore_ament_install']
[-1791231917322131456.000s] Level 1:colcon.colcon_core.package_identification:_identify(.) by extension 'ignore'
[-1791231917322131456.000s] Level 1:colcon.colcon_core.package_identification:_identify(.) by extension 'ignore_ament_install'
[-1791231917322131456.000s] Level 1:colcon.colcon_core.package_identification:_identify(.) by extensions ['colcon_pkg']
[-1791231917322131456.000s] Level 1:colcon.colcon_core.package_identification:_identify(.) by extension 'colcon_pkg'
[-1791231917322131456.000s] Level 1:colcon.colcon_core.package_identification:_identify(.) by extensions ['colcon_meta']
[-1791231917322131456.000s] Level 1:colcon.colcon_core.package_identification:_identify(.) by extension 'colcon_meta'
[-1791231917322131456.000s] Level 1:colcon.colcon_core.package_identification:_identify(.) by extensions ['ros']
[-1791231917322131456.000s] Level 1:colcon.colcon_core.package_identification:_identify(.) by extension 'ros'
[-1791231917322131456.000s] Level 1:colcon.colcon_core.package_identification:_identify(.) by extensions ['cmake', 'python']
[-1791231917322131456.000s] Level 1:colcon.colcon_core.package_identification:_identify(.) by extension 'cmake'
[-1791231917322131456.000s] Level 1:colcon.colcon_core.package_identification:_identify(.) by extension 'python'
[-1791231917322131456.000s] Level 1:colcon.colcon_core.package_identification:_identify(.) by extensions ['python_setup_py']
[-1791231917322131456.000s] Level 1:colcon.colcon_core.package_identification:_identify(.) by extension 'python_setup_py'
[-1791231917322131456.000s] Level 1:colcon.colcon_core.package_identification:_identify(docker) by extensions ['ignore', 'ignore_ament_install']
[-1791231917322131456.000s] Level 1:colcon.colcon_core.package_identification:_identify(docker) by extension 'ignore'
[-1791231917322131456.000s] Level 1:colcon.colcon_core.package_identification:_identify(docker) by extension 'ignore_ament_install'
[-1791231917322131456.000s] Level 1:colcon.colcon_core.package_identification:_identify(docker) by extensions ['colcon_pkg']
[-1791231917322131456.000s] Level 1:colcon.colcon_core.package_identification:_identify(docker) by extension 'colcon_pkg'
[-1791231917322131456.000s] Level 1:colcon.colcon_core.package_identification:_identify(docker) by extensions ['colcon_meta']
[-1791231917322131456.000s] Level 1:colcon.colcon_core.package_identification:_identify(docker) by extension 'colcon_meta'
[-1791231917322131456.000s] Level 1:colcon.colcon_core.package_identification:_identify(docker) by extensions ['ros']
[-1791231917322131456.000s] Level 1:colcon.colcon_core.package_identification:_identify(docker) by extension 'ros'
[-1791231917322131456.000s] Level 1:colcon.colcon_core.package_identification:_identify(docker) by extensions ['cmake', 'python']
[-1791231917322131456.000s] Level 1:colcon.colcon_core.package_identification:_identify(docker) by extension 'cmake'
[-1791231917322131456.000s] Level 1:colcon.colcon_core.package_identification:_identify(docker) by extension 'python'
[-1791231917322131456.000s] Level 1:colcon.colcon_core.package_identification:_identify(docker) by extensions ['python_setup_py']
[-1791231917322131456.000s] Level 1:colcon.colcon_core.package_identification:_identify(docker) by extension 'python_setup_py'
[-1791231917322131456.000s] Level 1:colcon.colcon_core.package_identification:_identify(docs) by extensions ['ignore', 'ignore_ament_install']
[-1791231917322131456.000s] Level 1:colcon.colcon_core.package_identification:_identify(docs) by extension 'ignore'
[-1791231917322131456.000s] Level 1:colcon.colcon_core.package_identification:_identify(docs) by extension 'ignore_ament_install'
[-1791231917322131456.000s] Level 1:colcon.colcon_core.package_identification:_identify(docs) by extensions ['colcon_pkg']
[-1791231917322131456.000s] Level 1:colcon.colcon_core.package_identification:_identify(docs) by extension 'colcon_pkg'
[-1791231917322131456.000s] Level 1:colcon.colcon_core.package_identification:_identify(docs) by extensions ['colcon_meta']
[-1791231917322131456.000s] Level 1:colcon.colcon_core.package_identification:_identify(docs) by extension 'colcon_meta'
[-1791231917322131456.000s] Level 1:colcon.colcon_core.package_identification:_identify(docs) by extensions ['ros']
[-1791231917322131456.000s] Level 1:colcon.colcon_core.package_identification:_identify(docs) by extension 'ros'
[-1791231917322131456.000s] Level 1:colcon.colcon_core.package_identification:_identify(docs) by extensions ['cmake', 'python']
[-1791231917322131456.000s] Level 1:colcon.colcon_core.package_identification:_identify(docs) by extension 'cmake'
[-1791231917322131456.000s] Level 1:colcon.colcon_core.package_identification:_identify(docs) by extension 'python'
[-1791231917322131456.000s] Level 1:colcon.colcon_core.package_identification:_identify(docs) by extensions ['python_setup_py']
[-1791231917322131456.000s] Level 1:colcon.colcon_core.package_identification:_identify(docs) by extension 'python_setup_py'
[-1791231917322131456.000s] Level 1:colcon.colcon_core.package_identification:_identify(docs/decisions) by extensions ['ignore', 'ignore_ament_install']
[-1791231917322131456.000s] Level 1:colcon.colcon_core.package_identification:_identify(docs/decisions) by extension 'ignore'
[-1791231917322131456.000s] Level 1:colcon.colcon_core.package_identification:_identify(docs/decisions) by extension 'ignore_ament_install'
[-1791231917322131456.000s] Level 1:colcon.colcon_core.package_identification:_identify(docs/decisions) by extensions ['colcon_pkg']
[-1791231917322131456.000s] Level 1:colcon.colcon_core.package_identification:_identify(docs/decisions) by extension 'colcon_pkg'
[-1791231917322131456.000s] Level 1:colcon.colcon_core.package_identification:_identify(docs/decisions) by extensions ['colcon_meta']
[-1791231917322131456.000s] Level 1:colcon.colcon_core.package_identification:_identify(docs/decisions) by extension 'colcon_meta'
[-1791231917322131456.000s] Level 1:colcon.colcon_core.package_identification:_identify(docs/decisions) by extensions ['ros']
[-1791231917322131456.000s] Level 1:colcon.colcon_core.package_identification:_identify(docs/decisions) by extension 'ros'
[-1791231917322131456.000s] Level 1:colcon.colcon_core.package_identification:_identify(docs/decisions) by extensions ['cmake', 'python']
[-1791231917322131456.000s] Level 1:colcon.colcon_core.package_identification:_identify(docs/decisions) by extension 'cmake'
[-1791231917322131456.000s] Level 1:colcon.colcon_core.package_identification:_identify(docs/decisions) by extension 'python'
[-1791231917322131456.000s] Level 1:colcon.colcon_core.package_identification:_identify(docs/decisions) by extensions ['python_setup_py']
[-1791231917322131456.000s] Level 1:colcon.colcon_core.package_identification:_identify(docs/decisions) by extension 'python_setup_py'
[-1791231917322131456.000s] Level 1:colcon.colcon_core.package_identification:_identify(docs/lessons) by extensions ['ignore', 'ignore_ament_install']
[-1791231917322131456.000s] Level 1:colcon.colcon_core.package_identification:_identify(docs/lessons) by extension 'ignore'
[-1791231917322131456.000s] Level 1:colcon.colcon_core.package_identification:_identify(docs/lessons) by extension 'ignore_ament_install'
[-1791231917322131456.000s] Level 1:colcon.colcon_core.package_identification:_identify(docs/lessons) by extensions ['colcon_pkg']
[-1791231917322131456.000s] Level 1:colcon.colcon_core.package_identification:_identify(docs/lessons) by extension 'colcon_pkg'
[-1791231917322131456.000s] Level 1:colcon.colcon_core.package_identification:_identify(docs/lessons) by extensions ['colcon_meta']
[-1791231917322131456.000s] Level 1:colcon.colcon_core.package_identification:_identify(docs/lessons) by extension 'colcon_meta'
[-1791231917322131456.000s] Level 1:colcon.colcon_core.package_identification:_identify(docs/lessons) by extensions ['ros']
[-1791231917322131456.000s] Level 1:colcon.colcon_core.package_identification:_identify(docs/lessons) by extension 'ros'
[-1791231917322131456.000s] Level 1:colcon.colcon_core.package_identification:_identify(docs/lessons) by extensions ['cmake', 'python']
[-1791231917322131456.000s] Level 1:colcon.colcon_core.package_identification:_identify(docs/lessons) by extension 'cmake'
[-1791231917322131456.000s] Level 1:colcon.colcon_core.package_identification:_identify(docs/lessons) by extension 'python'
[-1791231917322131456.000s] Level 1:colcon.colcon_core.package_identification:_identify(docs/lessons) by extensions ['python_setup_py']
[-1791231917322131456.000s] Level 1:colcon.colcon_core.package_identification:_identify(docs/lessons) by extension 'python_setup_py'
[-1791231917322131456.000s] Level 1:colcon.colcon_core.package_identification:_identify(docs/reviews) by extensions ['ignore', 'ignore_ament_install']
[-1791231917322131456.000s] Level 1:colcon.colcon_core.package_identification:_identify(docs/reviews) by extension 'ignore'
[-1791231917322131456.000s] Level 1:colcon.colcon_core.package_identification:_identify(docs/reviews) by extension 'ignore_ament_install'
[-1791231917322131456.000s] Level 1:colcon.colcon_core.package_identification:_identify(docs/reviews) by extensions ['colcon_pkg']
[-1791231917322131456.000s] Level 1:colcon.colcon_core.package_identification:_identify(docs/reviews) by extension 'colcon_pkg'
[-1791231917322131456.000s] Level 1:colcon.colcon_core.package_identification:_identify(docs/reviews) by extensions ['colcon_meta']
[-1791231917322131456.000s] Level 1:colcon.colcon_core.package_identification:_identify(docs/reviews) by extension 'colcon_meta'
[-1791231917322131456.000s] Level 1:colcon.colcon_core.package_identification:_identify(docs/reviews) by extensions ['ros']
[-1791231917322131456.000s] Level 1:colcon.colcon_core.package_identification:_identify(docs/reviews) by extension 'ros'
[-1791231917322131456.000s] Level 1:colcon.colcon_core.package_identification:_identify(docs/reviews) by extensions ['cmake', 'python']
[-1791231917322131456.000s] Level 1:colcon.colcon_core.package_identification:_identify(docs/reviews) by extension 'cmake'
[-1791231917322131456.000s] Level 1:colcon.colcon_core.package_identification:_identify(docs/reviews) by extension 'python'
[-1791231917322131456.000s] Level 1:colcon.colcon_core.package_identification:_identify(docs/reviews) by extensions ['python_setup_py']
[-1791231917322131456.000s] Level 1:colcon.colcon_core.package_identification:_identify(docs/reviews) by extension 'python_setup_py'
[-1791231917322131456.000s] Level 1:colcon.colcon_core.package_identification:_identify(log) by extensions ['ignore', 'ignore_ament_install']
[-1791231917322131456.000s] Level 1:colcon.colcon_core.package_identification:_identify(log) by extension 'ignore'
[-1791231917322131456.000s] Level 1:colcon.colcon_core.package_identification:_identify(log) ignored
[-1791231917322131456.000s] Level 1:colcon.colcon_core.package_identification:_identify(ros2_ws) by extensions ['ignore', 'ignore_ament_install']
[-1791231917322131456.000s] Level 1:colcon.colcon_core.package_identification:_identify(ros2_ws) by extension 'ignore'
[-1791231917322131456.000s] Level 1:colcon.colcon_core.package_identification:_identify(ros2_ws) by extension 'ignore_ament_install'
[-1791231917322131456.000s] Level 1:colcon.colcon_core.package_identification:_identify(ros2_ws) by extensions ['colcon_pkg']
[-1791231917322131456.000s] Level 1:colcon.colcon_core.package_identification:_identify(ros2_ws) by extension 'colcon_pkg'
[-1791231917322131456.000s] Level 1:colcon.colcon_core.package_identification:_identify(ros2_ws) by extensions ['colcon_meta']
[-1791231917322131456.000s] Level 1:colcon.colcon_core.package_identification:_identify(ros2_ws) by extension 'colcon_meta'
[-1791231917322131456.000s] Level 1:colcon.colcon_core.package_identification:_identify(ros2_ws) by extensions ['ros']
[-1791231917322131456.000s] Level 1:colcon.colcon_core.package_identification:_identify(ros2_ws) by extension 'ros'
[-1791231917322131456.000s] Level 1:colcon.colcon_core.package_identification:_identify(ros2_ws) by extensions ['cmake', 'python']
[-1791231917322131456.000s] Level 1:colcon.colcon_core.package_identification:_identify(ros2_ws) by extension 'cmake'
[-1791231917322131456.000s] Level 1:colcon.colcon_core.package_identification:_identify(ros2_ws) by extension 'python'
[-1791231917322131456.000s] Level 1:colcon.colcon_core.package_identification:_identify(ros2_ws) by extensions ['python_setup_py']
[-1791231917322131456.000s] Level 1:colcon.colcon_core.package_identification:_identify(ros2_ws) by extension 'python_setup_py'
[-1791231917322131456.000s] Level 1:colcon.colcon_core.package_identification:_identify(ros2_ws/build) by extensions ['ignore', 'ignore_ament_install']
[-1791231917322131456.000s] Level 1:colcon.colcon_core.package_identification:_identify(ros2_ws/build) by extension 'ignore'
[-1791231917322131456.000s] Level 1:colcon.colcon_core.package_identification:_identify(ros2_ws/build) ignored
[-1791231917322131456.000s] Level 1:colcon.colcon_core.package_identification:_identify(ros2_ws/install) by extensions ['ignore', 'ignore_ament_install']
[-1791231917322131456.000s] Level 1:colcon.colcon_core.package_identification:_identify(ros2_ws/install) by extension 'ignore'
[-1791231917322131456.000s] Level 1:colcon.colcon_core.package_identification:_identify(ros2_ws/install) ignored
[-1791231917322131456.000s] Level 1:colcon.colcon_core.package_identification:_identify(ros2_ws/log) by extensions ['ignore', 'ignore_ament_install']
[-1791231917322131456.000s] Level 1:colcon.colcon_core.package_identification:_identify(ros2_ws/log) by extension 'ignore'
[-1791231917322131456.000s] Level 1:colcon.colcon_core.package_identification:_identify(ros2_ws/log) ignored
[-1791231917322131456.000s] Level 1:colcon.colcon_core.package_identification:_identify(ros2_ws/src) by extensions ['ignore', 'ignore_ament_install']
[-1791231917322131456.000s] Level 1:colcon.colcon_core.package_identification:_identify(ros2_ws/src) by extension 'ignore'
[-1791231917322131456.000s] Level 1:colcon.colcon_core.package_identification:_identify(ros2_ws/src) by extension 'ignore_ament_install'
[-1791231917322131456.000s] Level 1:colcon.colcon_core.package_identification:_identify(ros2_ws/src) by extensions ['colcon_pkg']
[-1791231917322131456.000s] Level 1:colcon.colcon_core.package_identification:_identify(ros2_ws/src) by extension 'colcon_pkg'
[-1791231917322131456.000s] Level 1:colcon.colcon_core.package_identification:_identify(ros2_ws/src) by extensions ['colcon_meta']
[-1791231917322131456.000s] Level 1:colcon.colcon_core.package_identification:_identify(ros2_ws/src) by extension 'colcon_meta'
[-1791231917322131456.000s] Level 1:colcon.colcon_core.package_identification:_identify(ros2_ws/src) by extensions ['ros']
[-1791231917322131456.000s] Level 1:colcon.colcon_core.package_identification:_identify(ros2_ws/src) by extension 'ros'
[-1791231917322131456.000s] Level 1:colcon.colcon_core.package_identification:_identify(ros2_ws/src) by extensions ['cmake', 'python']
[-1791231917322131456.000s] Level 1:colcon.colcon_core.package_identification:_identify(ros2_ws/src) by extension 'cmake'
[-1791231917322131456.000s] Level 1:colcon.colcon_core.package_identification:_identify(ros2_ws/src) by extension 'python'
[-1791231917322131456.000s] Level 1:colcon.colcon_core.package_identification:_identify(ros2_ws/src) by extensions ['python_setup_py']
[-1791231917322131456.000s] Level 1:colcon.colcon_core.package_identification:_identify(ros2_ws/src) by extension 'python_setup_py'
[-1791231917322131456.000s] Level 1:colcon.colcon_core.package_identification:_identify(ros2_ws/src/mower_math) by extensions ['ignore', 'ignore_ament_install']
[-1791231917322131456.000s] Level 1:colcon.colcon_core.package_identification:_identify(ros2_ws/src/mower_math) by extension 'ignore'
[-1791231917322131456.000s] Level 1:colcon.colcon_core.package_identification:_identify(ros2_ws/src/mower_math) by extension 'ignore_ament_install'
[-1791231917322131456.000s] Level 1:colcon.colcon_core.package_identification:_identify(ros2_ws/src/mower_math) by extensions ['colcon_pkg']
[-1791231917322131456.000s] Level 1:colcon.colcon_core.package_identification:_identify(ros2_ws/src/mower_math) by extension 'colcon_pkg'
[-1791231917322131456.000s] Level 1:colcon.colcon_core.package_identification:_identify(ros2_ws/src/mower_math) by extensions ['colcon_meta']
[-1791231917322131456.000s] Level 1:colcon.colcon_core.package_identification:_identify(ros2_ws/src/mower_math) by extension 'colcon_meta'
[-1791231917322131456.000s] Level 1:colcon.colcon_core.package_identification:_identify(ros2_ws/src/mower_math) by extensions ['ros']
[-1791231917322131456.000s] Level 1:colcon.colcon_core.package_identification:_identify(ros2_ws/src/mower_math) by extension 'ros'
[-1791231917322131456.000s] DEBUG:colcon.colcon_core.package_identification:Package 'ros2_ws/src/mower_math' with type 'ros.ament_python' and name 'mower_math'
[-1791231917322131456.000s] Level 1:colcon.colcon_core.package_identification:_identify(spec) by extensions ['ignore', 'ignore_ament_install']
[-1791231917322131456.000s] Level 1:colcon.colcon_core.package_identification:_identify(spec) by extension 'ignore'
[-1791231917322131456.000s] Level 1:colcon.colcon_core.package_identification:_identify(spec) by extension 'ignore_ament_install'
[-1791231917322131456.000s] Level 1:colcon.colcon_core.package_identification:_identify(spec) by extensions ['colcon_pkg']
[-1791231917322131456.000s] Level 1:colcon.colcon_core.package_identification:_identify(spec) by extension 'colcon_pkg'
[-1791231917322131456.000s] Level 1:colcon.colcon_core.package_identification:_identify(spec) by extensions ['colcon_meta']
[-1791231917322131456.000s] Level 1:colcon.colcon_core.package_identification:_identify(spec) by extension 'colcon_meta'
[-1791231917322131456.000s] Level 1:colcon.colcon_core.package_identification:_identify(spec) by extensions ['ros']
[-1791231917322131456.000s] Level 1:colcon.colcon_core.package_identification:_identify(spec) by extension 'ros'
[-1791231917322131456.000s] Level 1:colcon.colcon_core.package_identification:_identify(spec) by extensions ['cmake', 'python']
[-1791231917322131456.000s] Level 1:colcon.colcon_core.package_identification:_identify(spec) by extension 'cmake'
[-1791231917322131456.000s] Level 1:colcon.colcon_core.package_identification:_identify(spec) by extension 'python'
[-1791231917322131456.000s] Level 1:colcon.colcon_core.package_identification:_identify(spec) by extensions ['python_setup_py']
[-1791231917322131456.000s] Level 1:colcon.colcon_core.package_identification:_identify(spec) by extension 'python_setup_py'
[-1791231917322131456.000s] Level 1:colcon.colcon_core.package_discovery:discover_packages(recursive) using defaults
[-1791231917322131456.000s] Level 1:colcon.colcon_core.package_discovery:discover_packages(ignore) discover
[-1791231917322131456.000s] Level 1:colcon.colcon_core.package_discovery:discover_packages(ignore) using defaults
[-1791231917322131456.000s] Level 1:colcon.colcon_core.package_discovery:discover_packages(path) discover
[-1791231917322131456.000s] Level 1:colcon.colcon_core.package_discovery:discover_packages(path) using defaults
